// Jest Snapshot v1, https://goo.gl/fbAQLP

exports[`Transform name-properties uppercase for list of objects 1`] = `
[
  "ITEM1",
  "ITEM2",
]
`;
